2025-06-02 22:23:26,905 - INFO - ================================================================================
2025-06-02 22:23:26,905 - INFO - ANEMLL SERVER v2 MONITOR WITH AUTO-RESTART & RSS MEMORY TRACKING
2025-06-02 22:23:26,905 - INFO - ================================================================================
2025-06-02 22:23:26,905 - INFO - Monitoring process: anemll-server.py
2025-06-02 22:23:26,905 - INFO - Max restarts: 50
2025-06-02 22:23:26,905 - INFO - Restart delay: 3.0s
2025-06-02 22:23:26,905 - INFO - Enhanced with RSS memory logging after each completion
2025-06-02 22:23:26,905 - INFO - Press Ctrl+C to stop monitoring
2025-06-02 22:23:26,905 - INFO - ================================================================================
2025-06-02 22:23:26,905 - INFO - Starting anemll-server.py (attempt 1)
2025-06-02 22:23:26,907 - INFO - anemll-server.py started with PID: 8494
2025-06-02 22:23:39,336 - INFO - ✅ Anemll Server v2 is ready and accepting connections
2025-06-02 22:23:39,336 - INFO - 🔍 RSS memory monitoring active - watch for memory patterns before crashes
2025-06-04 13:49:44,356 - INFO - ================================================================================
2025-06-04 13:49:44,356 - INFO - ANEMLL SERVER v2 MONITOR WITH AUTO-RESTART & RSS MEMORY TRACKING
2025-06-04 13:49:44,356 - INFO - ================================================================================
2025-06-04 13:49:44,356 - INFO - Monitoring process: anemll-server-core.py
2025-06-04 13:49:44,356 - INFO - Max restarts: 50
2025-06-04 13:49:44,356 - INFO - Restart delay: 3.0s
2025-06-04 13:49:44,356 - INFO - Enhanced with RSS memory logging after each completion
2025-06-04 13:49:44,356 - INFO - Press Ctrl+C to stop monitoring
2025-06-04 13:49:44,356 - INFO - ================================================================================
2025-06-04 13:49:44,356 - INFO - Starting anemll-server-core.py (attempt 1)
2025-06-04 13:49:44,357 - INFO - anemll-server-core.py started with PID: 45606
2025-06-04 13:49:44,371 - ERROR - anemll-server-core.py exited with unexpected code: 1
2025-06-04 13:49:44,371 - INFO - Restarting anemll-server-core.py in 3.0 seconds...
2025-06-04 13:49:47,376 - INFO - Starting anemll-server-core.py (attempt 2)
2025-06-04 13:49:47,380 - INFO - anemll-server-core.py started with PID: 45626
2025-06-04 13:49:47,401 - ERROR - anemll-server-core.py exited with unexpected code: 1
2025-06-04 13:49:47,401 - INFO - Restarting anemll-server-core.py in 3.0 seconds...
2025-06-04 13:49:50,406 - INFO - Starting anemll-server-core.py (attempt 3)
2025-06-04 13:49:50,412 - INFO - anemll-server-core.py started with PID: 45633
2025-06-04 13:49:50,443 - ERROR - anemll-server-core.py exited with unexpected code: 1
2025-06-04 13:49:50,443 - INFO - Restarting anemll-server-core.py in 3.0 seconds...
2025-06-04 13:49:53,448 - INFO - Starting anemll-server-core.py (attempt 4)
2025-06-04 13:49:53,455 - INFO - anemll-server-core.py started with PID: 45657
2025-06-04 13:49:53,482 - ERROR - anemll-server-core.py exited with unexpected code: 1
2025-06-04 13:49:53,482 - INFO - Restarting anemll-server-core.py in 3.0 seconds...
2025-06-04 13:49:56,487 - INFO - Starting anemll-server-core.py (attempt 5)
2025-06-04 13:49:56,491 - INFO - anemll-server-core.py started with PID: 45665
2025-06-04 13:49:56,523 - ERROR - anemll-server-core.py exited with unexpected code: 1
2025-06-04 13:49:56,523 - INFO - Restarting anemll-server-core.py in 3.0 seconds...
2025-06-04 13:49:59,526 - INFO - Starting anemll-server-core.py (attempt 6)
2025-06-04 13:49:59,530 - INFO - anemll-server-core.py started with PID: 45698
2025-06-04 13:49:59,560 - ERROR - anemll-server-core.py exited with unexpected code: 1
2025-06-04 13:49:59,560 - INFO - Restarting anemll-server-core.py in 3.0 seconds...
2025-06-04 13:50:02,564 - INFO - Starting anemll-server-core.py (attempt 7)
2025-06-04 13:50:02,569 - INFO - anemll-server-core.py started with PID: 45718
2025-06-04 13:50:02,600 - ERROR - anemll-server-core.py exited with unexpected code: 1
2025-06-04 13:50:02,600 - INFO - Restarting anemll-server-core.py in 3.0 seconds...
2025-06-04 13:50:05,602 - INFO - Starting anemll-server-core.py (attempt 8)
2025-06-04 13:50:05,607 - INFO - anemll-server-core.py started with PID: 45725
2025-06-04 13:50:05,643 - ERROR - anemll-server-core.py exited with unexpected code: 1
2025-06-04 13:50:05,643 - INFO - Restarting anemll-server-core.py in 3.0 seconds...
2025-06-04 13:50:08,648 - INFO - Starting anemll-server-core.py (attempt 9)
2025-06-04 13:50:08,654 - INFO - anemll-server-core.py started with PID: 45750
2025-06-04 13:50:08,672 - ERROR - anemll-server-core.py exited with unexpected code: 1
2025-06-04 13:50:08,673 - INFO - Restarting anemll-server-core.py in 3.0 seconds...
2025-06-04 13:50:11,677 - INFO - Starting anemll-server-core.py (attempt 10)
2025-06-04 13:50:11,680 - INFO - anemll-server-core.py started with PID: 45769
2025-06-04 13:50:11,704 - ERROR - anemll-server-core.py exited with unexpected code: 1
2025-06-04 13:50:11,704 - INFO - Restarting anemll-server-core.py in 3.0 seconds...
2025-06-04 13:50:12,376 - INFO - Received shutdown signal, stopping Anemll Server v2 monitor...
2025-06-04 14:00:34,069 - INFO - ================================================================================
2025-06-04 14:00:34,069 - INFO - ANEMLL SERVER v2 MONITOR WITH AUTO-RESTART & RSS MEMORY TRACKING
2025-06-04 14:00:34,069 - INFO - ================================================================================
2025-06-04 14:00:34,069 - INFO - Monitoring process: anemll-server-core.py
2025-06-04 14:00:34,069 - INFO - Max restarts: 50
2025-06-04 14:00:34,069 - INFO - Restart delay: 3.0s
2025-06-04 14:00:34,069 - INFO - Enhanced with RSS memory logging after each completion
2025-06-04 14:00:34,069 - INFO - Press Ctrl+C to stop monitoring
2025-06-04 14:00:34,069 - INFO - ================================================================================
2025-06-04 14:00:34,069 - INFO - Starting anemll-server-core.py (attempt 1)
2025-06-04 14:00:34,070 - INFO - anemll-server-core.py started with PID: 49641
2025-06-04 14:00:38,505 - INFO - ✅ Anemll Server v2 is ready and accepting connections
2025-06-04 14:00:38,505 - INFO - 🔍 RSS memory monitoring active - watch for memory patterns before crashes
2025-06-04 14:00:55,250 - ERROR - anemll-server-core.py exited with unexpected code: 1
2025-06-04 14:00:55,250 - INFO - Restarting anemll-server-core.py in 3.0 seconds...
2025-06-04 14:00:58,255 - INFO - Starting anemll-server-core.py (attempt 2)
2025-06-04 14:00:58,263 - INFO - anemll-server-core.py started with PID: 49698
2025-06-04 14:01:03,719 - INFO - ✅ Anemll Server v2 is ready and accepting connections
2025-06-04 14:01:03,720 - INFO - 🔍 RSS memory monitoring active - watch for memory patterns before crashes
2025-06-04 14:01:39,631 - ERROR - anemll-server-core.py exited with unexpected code: 1
2025-06-04 14:01:39,631 - INFO - Restarting anemll-server-core.py in 3.0 seconds...
2025-06-04 14:01:42,633 - INFO - Starting anemll-server-core.py (attempt 3)
2025-06-04 14:01:42,644 - INFO - anemll-server-core.py started with PID: 49728
2025-06-04 14:01:44,397 - INFO - ✅ Anemll Server v2 is ready and accepting connections
2025-06-04 14:01:44,397 - INFO - 🔍 RSS memory monitoring active - watch for memory patterns before crashes
2025-06-04 14:02:41,798 - ERROR - anemll-server-core.py exited with unexpected code: 1
2025-06-04 14:02:41,798 - INFO - Restarting anemll-server-core.py in 3.0 seconds...
2025-06-04 14:02:44,802 - INFO - Starting anemll-server-core.py (attempt 4)
2025-06-04 14:02:44,808 - INFO - anemll-server-core.py started with PID: 49795
2025-06-04 14:02:49,978 - INFO - ✅ Anemll Server v2 is ready and accepting connections
2025-06-04 14:02:49,978 - INFO - 🔍 RSS memory monitoring active - watch for memory patterns before crashes
2025-06-04 14:03:18,790 - ERROR - anemll-server-core.py exited with unexpected code: 1
2025-06-04 14:03:18,790 - INFO - Restarting anemll-server-core.py in 3.0 seconds...
2025-06-04 14:03:21,795 - INFO - Starting anemll-server-core.py (attempt 5)
2025-06-04 14:03:21,801 - INFO - anemll-server-core.py started with PID: 49812
2025-06-04 14:03:23,629 - INFO - ✅ Anemll Server v2 is ready and accepting connections
2025-06-04 14:03:23,629 - INFO - 🔍 RSS memory monitoring active - watch for memory patterns before crashes
2025-06-04 14:04:17,122 - ERROR - anemll-server-core.py exited with unexpected code: 1
2025-06-04 14:04:17,122 - INFO - Restarting anemll-server-core.py in 3.0 seconds...
2025-06-04 14:04:20,127 - INFO - Starting anemll-server-core.py (attempt 6)
2025-06-04 14:04:20,133 - INFO - anemll-server-core.py started with PID: 49843
2025-06-04 14:04:21,984 - INFO - ✅ Anemll Server v2 is ready and accepting connections
2025-06-04 14:04:21,984 - INFO - 🔍 RSS memory monitoring active - watch for memory patterns before crashes
2025-06-04 14:04:28,360 - ERROR - anemll-server-core.py exited with unexpected code: 1
2025-06-04 14:04:28,360 - INFO - Restarting anemll-server-core.py in 3.0 seconds...
2025-06-04 14:04:31,364 - INFO - Starting anemll-server-core.py (attempt 7)
2025-06-04 14:04:31,372 - INFO - anemll-server-core.py started with PID: 49849
2025-06-04 14:04:33,213 - INFO - ✅ Anemll Server v2 is ready and accepting connections
2025-06-04 14:04:33,213 - INFO - 🔍 RSS memory monitoring active - watch for memory patterns before crashes
